Fetching data from TWSE (20260224) and TPEX (115/02/24)...
Successfully processed 1845 stocks.
============================================================

### 外資買超排名 (依成交值)
 1. 2330   台積電        : +134.29億元
 2. 2327   國巨*        : +100.38億元
 3. 2317   鴻海         : +86.14億元
 4. 2303   聯電         : +43.86億元
 5. 1815   富喬         : +43.50億元
 6. 3529   力旺         : +30.06億元
 7. 2454   聯發科        : +29.17億元
 8. 6770   力積電        : +27.06億元
 9. 1303   南亞         : +26.85億元
10. 2308   台達電        : +26.64億元

### 外資賣超排名 (依成交值)
 1. 3037   欣興         : -85.46億元
 2. 2344   華邦電        : -27.31億元
 3. 2313   華通         : -24.01億元
 4. 4958   臻鼎-KY      : -11.74億元
 5. 3653   健策         : -10.49億元
 6. 8210   勤誠         : -10.03億元
 7. 2486   一詮         : -9.71億元
 8. 6223   旺矽         : -9.44億元
 9. 2360   致茂         : -8.58億元
10. 6285   啟碁         : -8.57億元

### 投信買超排名 (依成交值)
 1. 2330   台積電        : +28.98億元
 2. 3037   欣興         : +16.30億元
 3. 2344   華邦電        : +12.11億元
 4. 2383   台光電        : +11.43億元
 5. 8046   南電         : +9.68億元
 6. 8299   群聯         : +8.59億元
 7. 1815   富喬         : +6.98億元
 8. 2313   華通         : +6.69億元
 9. 2327   國巨*        : +6.50億元
10. 2360   致茂         : +5.83億元

### 投信賣超排名 (依成交值)
 1. 8210   勤誠         : -18.35億元
 2. 2303   聯電         : -10.91億元
 3. 6223   旺矽         : -10.13億元
 4. 3665   貿聯-KY      : -6.55億元
 5. 5274   信驊         : -5.74億元
 6. 6805   富世達        : -4.76億元
 7. 3653   健策         : -4.38億元
 8. 3017   奇鋐         : -3.64億元
 9. 6488   環球晶        : -3.42億元
10. 6510   精測         : -3.34億元

============================================================

### 土洋同買超 (外資與投信皆買超，依總買超金額排序)
 1. 2330   台積電        : 總計 +163.27億元 (外資 +134.29億元, 投信 +28.98億元)
 2. 2327   國巨*        : 總計 +106.88億元 (外資 +100.38億元, 投信 +6.50億元)
 3. 2317   鴻海         : 總計 +87.65億元 (外資 +86.14億元, 投信 +1.51億元)
 4. 1815   富喬         : 總計 +50.48億元 (外資 +43.50億元, 投信 +6.98億元)
 5. 3529   力旺         : 總計 +33.78億元 (外資 +30.06億元, 投信 +3.72億元)
 6. 2308   台達電        : 總計 +30.91億元 (外資 +26.64億元, 投信 +4.27億元)
 7. 3711   日月光投控      : 總計 +26.56億元 (外資 +23.05億元, 投信 +3.52億元)
 8. 3450   聯鈞         : 總計 +25.55億元 (外資 +21.21億元, 投信 +4.33億元)
 9. 8358   金居         : 總計 +19.20億元 (外資 +15.48億元, 投信 +3.72億元)
10. 3661   世芯-KY      : 總計 +17.20億元 (外資 +17.02億元, 投信 +0.17億元)

### 土洋同賣超 (外資與投信皆賣超，依總賣超金額排序)
 1. 8210   勤誠         : 總計 -28.39億元 (外資 -10.03億元, 投信 -18.35億元)
 2. 6223   旺矽         : 總計 -19.57億元 (外資 -9.44億元, 投信 -10.13億元)
 3. 3653   健策         : 總計 -14.87億元 (外資 -10.49億元, 投信 -4.38億元)
 4. 3665   貿聯-KY      : 總計 -12.22億元 (外資 -5.68億元, 投信 -6.55億元)
 5. 1795   美時         : 總計 -7.11億元 (外資 -4.77億元, 投信 -2.35億元)
 6. 2881   富邦金        : 總計 -6.92億元 (外資 -5.24億元, 投信 -1.68億元)
 7. 2882   國泰金        : 總計 -5.24億元 (外資 -2.56億元, 投信 -2.67億元)
 8. 8422   可寧衛*       : 總計 -4.56億元 (外資 -4.50億元, 投信 -0.06億元)
 9. 2324   仁寶         : 總計 -4.18億元 (外資 -3.93億元, 投信 -0.24億元)
10. 1477   聚陽         : 總計 -3.43億元 (外資 -3.26億元, 投信 -0.17億元)

============================================================

### 土洋對作: 外資買超、投信賣超 (依對作規模排序)
 1. 2303   聯電         : 外資 +43.86億元, 投信 -10.91億元
 2. 2454   聯發科        : 外資 +29.17億元, 投信 -2.07億元
 3. 6770   力積電        : 外資 +27.06億元, 投信 -0.04億元
 4. 1303   南亞         : 外資 +26.85億元, 投信 -0.20億元
 5. 2301   光寶科        : 外資 +16.48億元, 投信 -0.16億元
 6. 5347   世界         : 外資 +14.95億元, 投信 -0.12億元
 7. 3481   群創         : 外資 +14.03億元, 投信 -0.12億元
 8. 6488   環球晶        : 外資 +9.89億元, 投信 -3.42億元
 9. 6274   台燿         : 外資 +12.29億元, 投信 -0.47億元
10. 2603   長榮         : 外資 +9.14億元, 投信 -3.17億元

### 土洋對作: 外資賣超、投信買超 (依對作規模排序)
 1. 3037   欣興         : 外資 -85.46億元, 投信 +16.30億元
 2. 2344   華邦電        : 外資 -27.31億元, 投信 +12.11億元
 3. 2313   華通         : 外資 -24.01億元, 投信 +6.69億元
 4. 2360   致茂         : 外資 -8.58億元, 投信 +5.83億元
 5. 4958   臻鼎-KY      : 外資 -11.74億元, 投信 +2.01億元
 6. 8046   南電         : 外資 -3.97億元, 投信 +9.68億元
 7. 6285   啟碁         : 外資 -8.57億元, 投信 +1.18億元
 8. 6669   緯穎         : 外資 -2.61億元, 投信 +3.18億元
 9. 2887   台新新光金      : 外資 -4.28億元, 投信 +1.05億元
10. 2408   南亞科        : 外資 -2.68億元, 投信 +2.00億元

============================================================
完成！

已成功輸出多欄位變色 Excel 報表: market_analysis_20260224.xlsx
